--------------------------------------------------------------------------------
Release 14.2 Trace  (nt)
Copyright (c) 1995-2012 Xilinx, Inc.  All rights reserved.

C:\Xilinx\14.2\ISE_DS\ISE\bin\nt\unwrapped\trce.exe -intstyle ise -v 3 -s 2 -n
3 -fastpaths -xml Elevator.twx Elevator.ncd -o Elevator.twr Elevator.pcf

Design file:              Elevator.ncd
Physical constraint file: Elevator.pcf
Device,package,speed:     xc6slx16,csg324,C,-2 (PRODUCTION 1.22 2012-07-09)
Report level:             verbose report

Environment Variable      Effect 
--------------------      ------ 
NONE                      No environment variables were set
--------------------------------------------------------------------------------

INFO:Timing:2698 - No timing constraints found, doing default enumeration.
INFO:Timing:3412 - To improve timing, see the Timing Closure User Guide (UG612).
INFO:Timing:2752 - To get complete path coverage, use the unconstrained paths 
   option. All paths that are not constrained will be reported in the 
   unconstrained paths section(s) of the report.
INFO:Timing:3339 - The clock-to-out numbers in this timing report are based on 
   a 50 Ohm transmission line loading model.  For the details of this model, 
   and for more information on accounting for different loading conditions, 
   please see the device datasheet.



Data Sheet report:
-----------------
All values displayed in nanoseconds (ns)

Setup/Hold to clock clk1
------------+------------+------------+------------+------------+------------------+--------+
            |Max Setup to|  Process   |Max Hold to |  Process   |                  | Clock  |
Source      | clk (edge) |   Corner   | clk (edge) |   Corner   |Internal Clock(s) | Phase  |
------------+------------+------------+------------+------------+------------------+--------+
reset       |    1.378(R)|      SLOW  |   -0.403(R)|      SLOW  |clk1_BUFGP        |   0.000|
------------+------------+------------+------------+------------+------------------+--------+

Clock stop to Pad
------------+-----------------+------------+-----------------+------------+---------------------------------+--------+
            |Max (slowest) clk|  Process   |Min (fastest) clk|  Process   |                                 | Clock  |
Destination |  (edge) to PAD  |   Corner   |  (edge) to PAD  |   Corner   |Internal Clock(s)                | Phase  |
------------+-----------------+------------+-----------------+------------+---------------------------------+--------+
motor       |         8.997(F)|      SLOW  |         3.946(F)|      FAST  |current_state[2]_PWR_8_o_Mux_70_o|   0.000|
------------+-----------------+------------+-----------------+------------+---------------------------------+--------+

Clock to Setup on destination clock d1
---------------+---------+---------+---------+---------+
               | Src:Rise| Src:Fall| Src:Rise| Src:Fall|
Source Clock   |Dest:Rise|Dest:Rise|Dest:Fall|Dest:Fall|
---------------+---------+---------+---------+---------+
d1             |         |         |    0.515|    2.796|
d2             |         |         |         |    1.404|
d3             |         |         |         |    0.664|
d4             |         |         |         |    0.387|
f1             |         |         |    0.712|    2.796|
f2             |         |         |         |    1.404|
f3             |         |         |         |    0.664|
f4             |         |         |         |    0.387|
u1             |         |         |    0.682|    2.796|
u2             |         |         |         |    1.404|
u3             |         |         |         |    0.664|
u4             |         |         |         |    0.387|
---------------+---------+---------+---------+---------+

Clock to Setup on destination clock d2
---------------+---------+---------+---------+---------+
               | Src:Rise| Src:Fall| Src:Rise| Src:Fall|
Source Clock   |Dest:Rise|Dest:Rise|Dest:Fall|Dest:Fall|
---------------+---------+---------+---------+---------+
d1             |         |         |         |    0.641|
d2             |         |         |    1.676|    2.070|
d3             |         |         |         |    1.104|
d4             |         |         |         |    0.618|
f1             |         |         |         |    0.641|
f2             |         |         |    1.107|    2.070|
f3             |         |         |         |    1.104|
f4             |         |         |         |    0.618|
u1             |         |         |         |    0.641|
u2             |         |         |    1.576|    2.070|
u3             |         |         |         |    1.104|
u4             |         |         |         |    0.618|
---------------+---------+---------+---------+---------+

Clock to Setup on destination clock d3
---------------+---------+---------+---------+---------+
               | Src:Rise| Src:Fall| Src:Rise| Src:Fall|
Source Clock   |Dest:Rise|Dest:Rise|Dest:Fall|Dest:Fall|
---------------+---------+---------+---------+---------+
d1             |         |         |         |    0.440|
d2             |         |         |         |    1.912|
d3             |         |         |    1.156|    2.322|
d4             |         |         |         |    0.852|
f1             |         |         |         |    0.440|
f2             |         |         |         |    1.912|
f3             |         |         |    1.283|    2.322|
f4             |         |         |         |    0.852|
u1             |         |         |         |    0.440|
u2             |         |         |         |    1.912|
u3             |         |         |    1.592|    2.322|
u4             |         |         |         |    0.852|
---------------+---------+---------+---------+---------+

Clock to Setup on destination clock d4
---------------+---------+---------+---------+---------+
               | Src:Rise| Src:Fall| Src:Rise| Src:Fall|
Source Clock   |Dest:Rise|Dest:Rise|Dest:Fall|Dest:Fall|
---------------+---------+---------+---------+---------+
d1             |         |         |         |   -0.027|
d2             |         |         |         |    0.819|
d3             |         |         |         |    0.281|
d4             |         |         |    0.380|    2.309|
f1             |         |         |         |   -0.027|
f2             |         |         |         |    0.819|
f3             |         |         |         |    0.281|
f4             |         |         |    0.852|    2.309|
u1             |         |         |         |   -0.027|
u2             |         |         |         |    0.819|
u3             |         |         |         |    0.281|
u4             |         |         |    0.442|    2.309|
---------------+---------+---------+---------+---------+

Clock to Setup on destination clock f1
---------------+---------+---------+---------+---------+
               | Src:Rise| Src:Fall| Src:Rise| Src:Fall|
Source Clock   |Dest:Rise|Dest:Rise|Dest:Fall|Dest:Fall|
---------------+---------+---------+---------+---------+
d1             |         |         |   -0.345|    2.796|
d2             |         |         |         |    1.404|
d3             |         |         |         |    0.664|
d4             |         |         |         |    0.387|
f1             |         |         |   -0.263|    2.796|
f2             |         |         |         |    1.404|
f3             |         |         |         |    0.664|
f4             |         |         |         |    0.387|
u1             |         |         |   -0.228|    2.796|
u2             |         |         |         |    1.404|
u3             |         |         |         |    0.664|
u4             |         |         |         |    0.387|
---------------+---------+---------+---------+---------+

Clock to Setup on destination clock f2
---------------+---------+---------+---------+---------+
               | Src:Rise| Src:Fall| Src:Rise| Src:Fall|
Source Clock   |Dest:Rise|Dest:Rise|Dest:Fall|Dest:Fall|
---------------+---------+---------+---------+---------+
d1             |         |         |         |    0.641|
d2             |         |         |    0.735|    2.070|
d3             |         |         |         |    1.104|
d4             |         |         |         |    0.618|
f1             |         |         |         |    0.641|
f2             |         |         |    0.054|    2.070|
f3             |         |         |         |    1.104|
f4             |         |         |         |    0.618|
u1             |         |         |         |    0.641|
u2             |         |         |    0.685|    2.070|
u3             |         |         |         |    1.104|
u4             |         |         |         |    0.618|
---------------+---------+---------+---------+---------+

Clock to Setup on destination clock f3
---------------+---------+---------+---------+---------+
               | Src:Rise| Src:Fall| Src:Rise| Src:Fall|
Source Clock   |Dest:Rise|Dest:Rise|Dest:Fall|Dest:Fall|
---------------+---------+---------+---------+---------+
d1             |         |         |         |    0.440|
d2             |         |         |         |    1.912|
d3             |         |         |    0.818|    2.322|
d4             |         |         |         |    0.852|
f1             |         |         |         |    0.440|
f2             |         |         |         |    1.912|
f3             |         |         |    0.945|    2.322|
f4             |         |         |         |    0.852|
u1             |         |         |         |    0.440|
u2             |         |         |         |    1.912|
u3             |         |         |    1.254|    2.322|
u4             |         |         |         |    0.852|
---------------+---------+---------+---------+---------+

Clock to Setup on destination clock f4
---------------+---------+---------+---------+---------+
               | Src:Rise| Src:Fall| Src:Rise| Src:Fall|
Source Clock   |Dest:Rise|Dest:Rise|Dest:Fall|Dest:Fall|
---------------+---------+---------+---------+---------+
d1             |         |         |         |   -0.027|
d2             |         |         |         |    0.819|
d3             |         |         |         |    0.281|
d4             |         |         |   -0.312|    2.309|
f1             |         |         |         |   -0.027|
f2             |         |         |         |    0.819|
f3             |         |         |         |    0.281|
f4             |         |         |    0.038|    2.309|
u1             |         |         |         |   -0.027|
u2             |         |         |         |    0.819|
u3             |         |         |         |    0.281|
u4             |         |         |   -0.240|    2.309|
---------------+---------+---------+---------+---------+

Clock to Setup on destination clock stop
---------------+---------+---------+---------+---------+
               | Src:Rise| Src:Fall| Src:Rise| Src:Fall|
Source Clock   |Dest:Rise|Dest:Rise|Dest:Fall|Dest:Fall|
---------------+---------+---------+---------+---------+
clk1           |         |         |    4.292|         |
---------------+---------+---------+---------+---------+

Clock to Setup on destination clock u1
---------------+---------+---------+---------+---------+
               | Src:Rise| Src:Fall| Src:Rise| Src:Fall|
Source Clock   |Dest:Rise|Dest:Rise|Dest:Fall|Dest:Fall|
---------------+---------+---------+---------+---------+
d1             |         |         |    0.356|    2.796|
d2             |         |         |         |    1.404|
d3             |         |         |         |    0.664|
d4             |         |         |         |    0.387|
f1             |         |         |    0.553|    2.796|
f2             |         |         |         |    1.404|
f3             |         |         |         |    0.664|
f4             |         |         |         |    0.387|
u1             |         |         |    0.523|    2.796|
u2             |         |         |         |    1.404|
u3             |         |         |         |    0.664|
u4             |         |         |         |    0.387|
---------------+---------+---------+---------+---------+

Clock to Setup on destination clock u2
---------------+---------+---------+---------+---------+
               | Src:Rise| Src:Fall| Src:Rise| Src:Fall|
Source Clock   |Dest:Rise|Dest:Rise|Dest:Fall|Dest:Fall|
---------------+---------+---------+---------+---------+
d1             |         |         |         |    0.641|
d2             |         |         |    1.362|    2.070|
d3             |         |         |         |    1.104|
d4             |         |         |         |    0.618|
f1             |         |         |         |    0.641|
f2             |         |         |    0.793|    2.070|
f3             |         |         |         |    1.104|
f4             |         |         |         |    0.618|
u1             |         |         |         |    0.641|
u2             |         |         |    1.262|    2.070|
u3             |         |         |         |    1.104|
u4             |         |         |         |    0.618|
---------------+---------+---------+---------+---------+

Clock to Setup on destination clock u3
---------------+---------+---------+---------+---------+
               | Src:Rise| Src:Fall| Src:Rise| Src:Fall|
Source Clock   |Dest:Rise|Dest:Rise|Dest:Fall|Dest:Fall|
---------------+---------+---------+---------+---------+
d1             |         |         |         |    0.440|
d2             |         |         |         |    1.912|
d3             |         |         |    0.722|    2.322|
d4             |         |         |         |    0.852|
f1             |         |         |         |    0.440|
f2             |         |         |         |    1.912|
f3             |         |         |    0.849|    2.322|
f4             |         |         |         |    0.852|
u1             |         |         |         |    0.440|
u2             |         |         |         |    1.912|
u3             |         |         |    1.158|    2.322|
u4             |         |         |         |    0.852|
---------------+---------+---------+---------+---------+

Clock to Setup on destination clock u4
---------------+---------+---------+---------+---------+
               | Src:Rise| Src:Fall| Src:Rise| Src:Fall|
Source Clock   |Dest:Rise|Dest:Rise|Dest:Fall|Dest:Fall|
---------------+---------+---------+---------+---------+
d1             |         |         |         |   -0.027|
d2             |         |         |         |    0.819|
d3             |         |         |         |    0.281|
d4             |         |         |    0.245|    2.309|
f1             |         |         |         |   -0.027|
f2             |         |         |         |    0.819|
f3             |         |         |         |    0.281|
f4             |         |         |    0.717|    2.309|
u1             |         |         |         |   -0.027|
u2             |         |         |         |    0.819|
u3             |         |         |         |    0.281|
u4             |         |         |    0.307|    2.309|
---------------+---------+---------+---------+---------+


Analysis completed Mon Apr 27 00:58:44 2015 
--------------------------------------------------------------------------------

Trace Settings:
-------------------------
Trace Settings 

Peak Memory Usage: 154 MB



